../Application/User/Core/com_can.c:52:6:HAL_CAN_RxFifo1MsgPendingCallback	8	static
../Application/User/Core/com_can.c:95:6:buffer_append_int32	8	static
../Application/User/Core/com_can.c:102:9:buffer_get_int32	12	static
../Application/User/Core/com_can.c:111:6:comm_can_transmit_eid	16	static
../Application/User/Core/com_can.c:124:6:comm_can_set_duty	16	static
../Application/User/Core/com_can.c:133:6:comm_can_db_signal	16	static
../Application/User/Core/com_can.c:141:6:comm_can_set_mode	0	static
../Application/User/Core/com_can.c:149:6:comm_can_error_message	16	static
../Application/User/Core/com_can.c:158:6:comm_can_send_buffer	32	static
