C:/TouchGFXProjects/MyApplication_1/Core/Src/main.c:844:6:StartDefaultTask	8	static
C:/TouchGFXProjects/MyApplication_1/Core/Src/main.c:905:6:StartTask05	8	static
C:/TouchGFXProjects/MyApplication_1/Core/Src/main.c:929:6:StartTaskTimer	8	static
C:/TouchGFXProjects/MyApplication_1/Core/Src/main.c:882:6:StartTaskSerial	8	static
C:/TouchGFXProjects/MyApplication_1/Core/Src/main.c:165:6:setDuty	0	static
C:/TouchGFXProjects/MyApplication_1/Core/Src/main.c:169:6:stopMotor	0	static
C:/TouchGFXProjects/MyApplication_1/Core/Src/main.c:173:6:runMotor	0	static
C:/TouchGFXProjects/MyApplication_1/Core/Src/main.c:177:6:setMode	0	static
C:/TouchGFXProjects/MyApplication_1/Core/Src/main.c:306:6:SystemClock_Config	88	static
C:/TouchGFXProjects/MyApplication_1/Core/Src/main.c:186:5:main	120	static,ignoring_inline_asm
C:/TouchGFXProjects/MyApplication_1/Core/Src/main.c:999:6:HAL_TIM_PeriodElapsedCallback	0	static
C:/TouchGFXProjects/MyApplication_1/Core/Src/main.c:1015:6:Error_Handler	0	static
