C:/TouchGFXProjects/MyApplication_1/Core/Src/main.c:841:6:StartDefaultTask	8	static
C:/TouchGFXProjects/MyApplication_1/Core/Src/main.c:902:6:StartTask05	8	static
C:/TouchGFXProjects/MyApplication_1/Core/Src/main.c:926:6:StartTaskTimer	8	static
C:/TouchGFXProjects/MyApplication_1/Core/Src/main.c:879:6:StartTaskSerial	8	static
C:/TouchGFXProjects/MyApplication_1/Core/Src/main.c:162:6:setDuty	0	static
C:/TouchGFXProjects/MyApplication_1/Core/Src/main.c:166:6:stopMotor	0	static
C:/TouchGFXProjects/MyApplication_1/Core/Src/main.c:170:6:runMotor	0	static
C:/TouchGFXProjects/MyApplication_1/Core/Src/main.c:174:6:setMode	0	static
C:/TouchGFXProjects/MyApplication_1/Core/Src/main.c:303:6:SystemClock_Config	88	static
C:/TouchGFXProjects/MyApplication_1/Core/Src/main.c:183:5:main	120	static,ignoring_inline_asm
C:/TouchGFXProjects/MyApplication_1/Core/Src/main.c:996:6:HAL_TIM_PeriodElapsedCallback	0	static
C:/TouchGFXProjects/MyApplication_1/Core/Src/main.c:1012:6:Error_Handler	0	static
