C:/TouchGFXProjects/MyApplication_1/Core/Src/stm32f7xx_hal_msp.c:64:6:HAL_MspInit	8	static
C:/TouchGFXProjects/MyApplication_1/Core/Src/stm32f7xx_hal_msp.c:88:6:HAL_CAN_MspInit	40	static
C:/TouchGFXProjects/MyApplication_1/Core/Src/stm32f7xx_hal_msp.c:127:6:HAL_CAN_MspDeInit	8	static
C:/TouchGFXProjects/MyApplication_1/Core/Src/stm32f7xx_hal_msp.c:158:6:HAL_CRC_MspInit	8	static
C:/TouchGFXProjects/MyApplication_1/Core/Src/stm32f7xx_hal_msp.c:180:6:HAL_CRC_MspDeInit	0	static
C:/TouchGFXProjects/MyApplication_1/Core/Src/stm32f7xx_hal_msp.c:202:6:HAL_DMA2D_MspInit	16	static
C:/TouchGFXProjects/MyApplication_1/Core/Src/stm32f7xx_hal_msp.c:227:6:HAL_DMA2D_MspDeInit	0	static
C:/TouchGFXProjects/MyApplication_1/Core/Src/stm32f7xx_hal_msp.c:252:6:HAL_I2C_MspInit	168	static
C:/TouchGFXProjects/MyApplication_1/Core/Src/stm32f7xx_hal_msp.c:298:6:HAL_I2C_MspDeInit	8	static
C:/TouchGFXProjects/MyApplication_1/Core/Src/stm32f7xx_hal_msp.c:329:6:HAL_LTDC_MspInit	192	static
C:/TouchGFXProjects/MyApplication_1/Core/Src/stm32f7xx_hal_msp.c:446:6:HAL_LTDC_MspDeInit	8	static
C:/TouchGFXProjects/MyApplication_1/Core/Src/stm32f7xx_hal_msp.c:515:6:HAL_QSPI_MspInit	64	static
C:/TouchGFXProjects/MyApplication_1/Core/Src/stm32f7xx_hal_msp.c:578:6:HAL_QSPI_MspDeInit	8	static
C:/TouchGFXProjects/MyApplication_1/Core/Src/stm32f7xx_hal_msp.c:615:6:HAL_RTC_MspInit	144	static
C:/TouchGFXProjects/MyApplication_1/Core/Src/stm32f7xx_hal_msp.c:648:6:HAL_RTC_MspDeInit	0	static
C:/TouchGFXProjects/MyApplication_1/Core/Src/stm32f7xx_hal_msp.c:670:6:HAL_UART_MspInit	168	static
C:/TouchGFXProjects/MyApplication_1/Core/Src/stm32f7xx_hal_msp.c:717:6:HAL_UART_MspDeInit	0	static
C:/TouchGFXProjects/MyApplication_1/Core/Src/stm32f7xx_hal_msp.c:848:6:HAL_SDRAM_MspInit	48	static
C:/TouchGFXProjects/MyApplication_1/Core/Src/stm32f7xx_hal_msp.c:934:6:HAL_SDRAM_MspDeInit	8	static
