../../TouchGFX/gui/include/gui/model/ModelListener.hpp:16:15:virtual void ModelListener::setCounterPresenter(int)	0	static
../../TouchGFX/gui/include/gui/model/ModelListener.hpp:18:15:virtual void ModelListener::changeDutyPresenter(int)	0	static
../../TouchGFX/gui/include/gui/model/ModelListener.hpp:20:15:virtual void ModelListener::setIndicatorPresenter(int, int)	0	static
../../TouchGFX/gui/include/gui/model/ModelListener.hpp:22:15:virtual void ModelListener::setErrorCode(int)	0	static
../../TouchGFX/gui/include/gui/model/ModelListener.hpp:25:15:virtual void ModelListener::setTimeElco(int)	0	static
../../TouchGFX/gui/include/gui/model/ModelListener.hpp:28:15:virtual void ModelListener::setTimeFiltrasi(int)	0	static
../../TouchGFX/gui/include/gui/model/ModelListener.hpp:36:15:virtual void ModelListener::updateOxygen(float, float, float)	0	static
../../TouchGFX/gui/include/gui/model/ModelListener.hpp:40:15:virtual void ModelListener::setTimeProcess(uint32_t, uint32_t, uint32_t)	0	static
../../TouchGFX/gui/include/gui/model/ModelListener.hpp:45:15:virtual void ModelListener::setStatus()	0	static
../../TouchGFX/gui/include/gui/screen1_screen/Screen1Presenter.hpp:27:10:Screen1Presenter::~Screen1Presenter()	0	static
C:/TouchGFXProjects/MyApplication_1/TouchGFX/gui/src/screen1_screen/Screen1Presenter.cpp:9:6:virtual void Screen1Presenter::activate()	0	static
C:/TouchGFXProjects/MyApplication_1/TouchGFX/gui/src/screen1_screen/Screen1Presenter.cpp:17:6:virtual void Screen1Presenter::updateTime(int, int, int)	4	static
../../TouchGFX/gui/include/gui/screen1_screen/Screen1Presenter.hpp:27:10:virtual Screen1Presenter::~Screen1Presenter()	8	static
../../TouchGFX/gui/include/gui/screen1_screen/Screen1Presenter.hpp:27:10:virtual void* Screen1Presenter::_ZThn4_N16Screen1PresenterD1Ev()	0	static
C:/TouchGFXProjects/MyApplication_1/TouchGFX/gui/src/screen1_screen/Screen1Presenter.cpp:4:1:Screen1Presenter::Screen1Presenter(Screen1View&)	8	static
