../../Middlewares/ST/touchgfx/framework/include/touchgfx/Screen.hpp:104:18:virtual void touchgfx::Screen::afterTransition()	0	static
../../Middlewares/ST/touchgfx/framework/include/touchgfx/Screen.hpp:144:18:virtual void touchgfx::Screen::handleTickEvent()	0	static
../../Middlewares/ST/touchgfx/framework/include/touchgfx/Screen.hpp:154:18:virtual void touchgfx::Screen::handleKeyEvent(uint8_t)	0	static
../../TouchGFX/gui/include/gui/screen3_screen/Screen3View.hpp:10:10:Screen3View::~Screen3View()	0	static
C:/TouchGFXProjects/MyApplication_1/TouchGFX/gui/src/screen3_screen/Screen3View.cpp:20:6:virtual void Screen3View::tearDownScreen()	0	static
C:/TouchGFXProjects/MyApplication_1/TouchGFX/gui/src/screen3_screen/Screen3View.cpp:16:6:virtual void Screen3View::setupScreen()	0	static
C:/TouchGFXProjects/MyApplication_1/TouchGFX/gui/src/screen3_screen/Screen3View.cpp:28:6:virtual void Screen3View::setIndicator(int, int)	16	static
../../TouchGFX/gui/include/gui/screen3_screen/Screen3View.hpp:10:10:virtual Screen3View::~Screen3View()	8	static
C:/TouchGFXProjects/MyApplication_1/TouchGFX/gui/src/screen3_screen/Screen3View.cpp:12:1:Screen3View::Screen3View()	8	static
C:/TouchGFXProjects/MyApplication_1/TouchGFX/gui/src/screen3_screen/Screen3View.cpp:100:1:cpp)	0	static
