../../Middlewares/ST/touchgfx/framework/include/touchgfx/Screen.hpp:104:18:virtual void touchgfx::Screen::afterTransition()	0	static
../../Middlewares/ST/touchgfx/framework/include/touchgfx/Screen.hpp:144:18:virtual void touchgfx::Screen::handleTickEvent()	0	static
../../Middlewares/ST/touchgfx/framework/include/touchgfx/Screen.hpp:154:18:virtual void touchgfx::Screen::handleKeyEvent(uint8_t)	0	static
../../TouchGFX/gui/include/gui/screen2_screen/Screen2View.hpp:10:10:Screen2View::~Screen2View()	0	static
C:/TouchGFXProjects/MyApplication_1/TouchGFX/gui/src/screen2_screen/Screen2View.cpp:13:6:virtual void Screen2View::tearDownScreen()	0	static
C:/TouchGFXProjects/MyApplication_1/TouchGFX/gui/src/screen2_screen/Screen2View.cpp:17:6:virtual void Screen2View::setModeOn()	0	static
C:/TouchGFXProjects/MyApplication_1/TouchGFX/gui/src/screen2_screen/Screen2View.cpp:21:6:virtual void Screen2View::setModeOff()	0	static
C:/TouchGFXProjects/MyApplication_1/TouchGFX/gui/src/screen2_screen/Screen2View.cpp:44:6:virtual void Screen2View::setTimeFiltrasi(int)	0	static
C:/TouchGFXProjects/MyApplication_1/TouchGFX/gui/src/screen2_screen/Screen2View.cpp:9:6:virtual void Screen2View::setupScreen()	0	static
C:/TouchGFXProjects/MyApplication_1/TouchGFX/gui/src/screen2_screen/Screen2View.cpp:25:6:virtual void Screen2View::setErrorCode(int)	16	static
C:/TouchGFXProjects/MyApplication_1/TouchGFX/gui/src/screen2_screen/Screen2View.cpp:38:6:virtual void Screen2View::setTimeElco(int)	16	static
C:/TouchGFXProjects/MyApplication_1/TouchGFX/gui/src/screen2_screen/Screen2View.cpp:50:6:virtual void Screen2View::setTimeProcess(uint32_t, uint32_t, uint32_t)	0	static
../../TouchGFX/gui/include/gui/screen2_screen/Screen2View.hpp:10:10:virtual Screen2View::~Screen2View()	8	static
C:/TouchGFXProjects/MyApplication_1/TouchGFX/gui/src/screen2_screen/Screen2View.cpp:56:6:virtual void Screen2View::setStatus()	8	static
C:/TouchGFXProjects/MyApplication_1/TouchGFX/gui/src/screen2_screen/Screen2View.cpp:5:1:Screen2View::Screen2View()	8	static
