../../TouchGFX/gui/include/gui/model/ModelListener.hpp:16:15:virtual void ModelListener::setCounterPresenter(int)	0	static
../../TouchGFX/gui/include/gui/model/ModelListener.hpp:18:15:virtual void ModelListener::changeDutyPresenter(int)	0	static
../../TouchGFX/gui/include/gui/model/ModelListener.hpp:22:15:virtual void ModelListener::setErrorCode(int)	0	static
../../TouchGFX/gui/include/gui/model/ModelListener.hpp:25:15:virtual void ModelListener::setTimeElco(int)	0	static
../../TouchGFX/gui/include/gui/model/ModelListener.hpp:28:15:virtual void ModelListener::setTimeFiltrasi(int)	0	static
../../TouchGFX/gui/include/gui/model/ModelListener.hpp:32:15:virtual void ModelListener::updateTime(int, int, int)	0	static
../../TouchGFX/gui/include/gui/model/ModelListener.hpp:36:15:virtual void ModelListener::updateOxygen(float, float, float)	0	static
../../TouchGFX/gui/include/gui/model/ModelListener.hpp:40:15:virtual void ModelListener::setTimeProcess(uint32_t, uint32_t, uint32_t)	0	static
../../TouchGFX/gui/include/gui/model/ModelListener.hpp:45:15:virtual void ModelListener::setStatus()	0	static
../../TouchGFX/gui/include/gui/screen3_screen/Screen3Presenter.hpp:27:10:Screen3Presenter::~Screen3Presenter()	0	static
C:/TouchGFXProjects/MyApplication_1/TouchGFX/gui/src/screen3_screen/Screen3Presenter.cpp:9:6:virtual void Screen3Presenter::activate()	0	static
C:/TouchGFXProjects/MyApplication_1/TouchGFX/gui/src/screen3_screen/Screen3Presenter.cpp:17:6:virtual void Screen3Presenter::setIndicatorPresenter(int, int)	0	static
../../TouchGFX/gui/include/gui/screen3_screen/Screen3Presenter.hpp:27:10:virtual Screen3Presenter::~Screen3Presenter()	8	static
../../TouchGFX/gui/include/gui/screen3_screen/Screen3Presenter.hpp:27:10:virtual void* Screen3Presenter::_ZThn4_N16Screen3PresenterD1Ev()	0	static
C:/TouchGFXProjects/MyApplication_1/TouchGFX/gui/src/screen3_screen/Screen3Presenter.cpp:4:1:Screen3Presenter::Screen3Presenter(Screen3View&)	8	static
