../../TouchGFX/gui/include/gui/model/ModelListener.hpp:16:15:virtual void ModelListener::setCounterPresenter(int)	0	static
../../TouchGFX/gui/include/gui/model/ModelListener.hpp:18:15:virtual void ModelListener::changeDutyPresenter(int)	0	static
../../TouchGFX/gui/include/gui/model/ModelListener.hpp:20:15:virtual void ModelListener::setIndicatorPresenter(int, int)	0	static
../../TouchGFX/gui/include/gui/model/ModelListener.hpp:22:15:virtual void ModelListener::setErrorCode(int)	0	static
../../TouchGFX/gui/include/gui/model/ModelListener.hpp:25:15:virtual void ModelListener::setTimeElco(int)	0	static
../../TouchGFX/gui/include/gui/model/ModelListener.hpp:28:15:virtual void ModelListener::setTimeFiltrasi(int)	0	static
../../TouchGFX/gui/include/gui/model/ModelListener.hpp:32:15:virtual void ModelListener::updateTime(int, int, int)	0	static
../../TouchGFX/gui/include/gui/model/ModelListener.hpp:40:15:virtual void ModelListener::setTimeProcess(uint32_t, uint32_t, uint32_t)	0	static
../../TouchGFX/gui/include/gui/model/ModelListener.hpp:45:15:virtual void ModelListener::setStatus()	0	static
../../TouchGFX/gui/include/gui/screen5_screen/Screen5Presenter.hpp:27:10:Screen5Presenter::~Screen5Presenter()	0	static
C:/TouchGFXProjects/MyApplication_1/TouchGFX/gui/src/screen5_screen/Screen5Presenter.cpp:9:6:virtual void Screen5Presenter::activate()	0	static
C:/TouchGFXProjects/MyApplication_1/TouchGFX/gui/src/screen5_screen/Screen5Presenter.cpp:17:6:virtual void Screen5Presenter::updateOxygen(float, float, float)	0	static
../../TouchGFX/gui/include/gui/screen5_screen/Screen5Presenter.hpp:27:10:virtual Screen5Presenter::~Screen5Presenter()	8	static
../../TouchGFX/gui/include/gui/screen5_screen/Screen5Presenter.hpp:27:10:virtual void* Screen5Presenter::_ZThn4_N16Screen5PresenterD1Ev()	0	static
C:/TouchGFXProjects/MyApplication_1/TouchGFX/gui/src/screen5_screen/Screen5Presenter.cpp:4:1:Screen5Presenter::Screen5Presenter(Screen5View&)	8	static
